// Jest Snapshot v1, https://goo.gl/fbAQLP

exports[`Expense Dashboard Page Test 1 - Dashboard 1`] = `
<div>
  <Connect(ExpenseListFilters) />
  <Connect(ExpenseList) />
</div>
`;
